index.html

═══ 摘要 ═══
掃描：1 頁
BLOCKER：0 條（0 檔）
ERROR：  0 條
WARN：   0 條

✅ 無 BLOCKER。

module1.html

═══ 摘要 ═══
掃描：1 頁
BLOCKER：0 條（0 檔）
ERROR：  0 條
WARN：   0 條

✅ 無 BLOCKER。

CH1-1.html

═══ 摘要 ═══
掃描：1 頁
BLOCKER：0 條（0 檔）
ERROR：  0 條
WARN：   2 條

✅ 無 BLOCKER。

CH2-1.html

═══ 摘要 ═══
掃描：1 頁
BLOCKER：0 條（0 檔）
ERROR：  0 條
WARN：   3 條

✅ 無 BLOCKER。

CH3-1.html

═══ 摘要 ═══
掃描：1 頁
BLOCKER：0 條（0 檔）
ERROR：  0 條
WARN：   0 條

✅ 無 BLOCKER。

CH4-1.html

═══ 摘要 ═══
掃描：1 頁
BLOCKER：0 條（0 檔）
ERROR：  0 條
WARN：   0 條

✅ 無 BLOCKER。

PRAC2-1.html

═══ 摘要 ═══
掃描：1 頁
BLOCKER：0 條（0 檔）
ERROR：  0 條
WARN：   0 條

✅ 無 BLOCKER。
