CH1-1.html exit=0
HTML structure OK: CH1-1.html (static structure checked; browser smoke still required)
summary: checked=1 blocked=0

CH2-1.html exit=0
HTML structure OK: CH2-1.html (static structure checked; browser smoke still required)
summary: checked=1 blocked=0

CH3-1.html exit=0
HTML structure OK: CH3-1.html (static structure checked; browser smoke still required)
summary: checked=1 blocked=0

CH4-1.html exit=0
HTML structure OK: CH4-1.html (static structure checked; browser smoke still required)
summary: checked=1 blocked=0

PRAC2-1.html exit=0
HTML structure OK: PRAC2-1.html (static structure checked; browser smoke still required)
summary: checked=1 blocked=0

index.html exit=0
HTML structure OK: index.html (static structure checked; browser smoke still required)
summary: checked=1 blocked=0

module1.html exit=0
HTML structure OK: module1.html (static structure checked; browser smoke still required)
summary: checked=1 blocked=0
