python3 docs/lint-page.py courses/gen-ai-36h/part1/CH1-1.html --summary

═══ 摘要 ═══
掃描：1 頁
BLOCKER：0 條（0 檔）
ERROR：  0 條
WARN：   2 條

✅ 無 BLOCKER。

python3 /Users/paichenwei/.agents/skills/course-html-contract/scripts/validate-course-structure.py /private/tmp/gen-ai-36h-publish-20261010/courses/gen-ai-36h/part1/CH1-1.html
HTML structure OK: /private/tmp/gen-ai-36h-publish-20261010/courses/gen-ai-36h/part1/CH1-1.html (static structure checked; browser smoke still required)
summary: checked=1 blocked=0

python3 docs/lint-page.py courses/gen-ai-36h/part1/CH1-2.html --summary

═══ 摘要 ═══
掃描：1 頁
BLOCKER：0 條（0 檔）
ERROR：  0 條
WARN：   1 條

✅ 無 BLOCKER。

python3 /Users/paichenwei/.agents/skills/course-html-contract/scripts/validate-course-structure.py /private/tmp/gen-ai-36h-publish-20261010/courses/gen-ai-36h/part1/CH1-2.html
HTML structure OK: /private/tmp/gen-ai-36h-publish-20261010/courses/gen-ai-36h/part1/CH1-2.html (static structure checked; browser smoke still required)
summary: checked=1 blocked=0

python3 docs/lint-page.py courses/gen-ai-36h/part1/CH1-3.html --summary

═══ 摘要 ═══
掃描：1 頁
BLOCKER：0 條（0 檔）
ERROR：  0 條
WARN：   2 條

✅ 無 BLOCKER。

python3 /Users/paichenwei/.agents/skills/course-html-contract/scripts/validate-course-structure.py /private/tmp/gen-ai-36h-publish-20261010/courses/gen-ai-36h/part1/CH1-3.html
HTML structure OK: /private/tmp/gen-ai-36h-publish-20261010/courses/gen-ai-36h/part1/CH1-3.html (static structure checked; browser smoke still required)
summary: checked=1 blocked=0

python3 docs/lint-page.py courses/gen-ai-36h/part1/PRAC1.html --summary

═══ 摘要 ═══
掃描：1 頁
BLOCKER：0 條（0 檔）
ERROR：  0 條
WARN：   2 條

✅ 無 BLOCKER。

python3 /Users/paichenwei/.agents/skills/course-html-contract/scripts/validate-course-structure.py /private/tmp/gen-ai-36h-publish-20261010/courses/gen-ai-36h/part1/PRAC1.html
HTML structure OK: /private/tmp/gen-ai-36h-publish-20261010/courses/gen-ai-36h/part1/PRAC1.html (static structure checked; browser smoke still required)
summary: checked=1 blocked=0

python3 docs/lint-page.py courses/gen-ai-36h/part2/CH2-1.html --summary

═══ 摘要 ═══
掃描：1 頁
BLOCKER：0 條（0 檔）
ERROR：  0 條
WARN：   1 條

✅ 無 BLOCKER。

python3 /Users/paichenwei/.agents/skills/course-html-contract/scripts/validate-course-structure.py /private/tmp/gen-ai-36h-publish-20261010/courses/gen-ai-36h/part2/CH2-1.html
HTML structure OK: /private/tmp/gen-ai-36h-publish-20261010/courses/gen-ai-36h/part2/CH2-1.html (static structure checked; browser smoke still required)
summary: checked=1 blocked=0

python3 docs/lint-page.py courses/gen-ai-36h/part2/CH2-2.html --summary

═══ 摘要 ═══
掃描：1 頁
BLOCKER：0 條（0 檔）
ERROR：  0 條
WARN：   1 條

✅ 無 BLOCKER。

python3 /Users/paichenwei/.agents/skills/course-html-contract/scripts/validate-course-structure.py /private/tmp/gen-ai-36h-publish-20261010/courses/gen-ai-36h/part2/CH2-2.html
HTML structure OK: /private/tmp/gen-ai-36h-publish-20261010/courses/gen-ai-36h/part2/CH2-2.html (static structure checked; browser smoke still required)
summary: checked=1 blocked=0

python3 docs/lint-page.py courses/gen-ai-36h/part2/CH2-3.html --summary

═══ 摘要 ═══
掃描：1 頁
BLOCKER：0 條（0 檔）
ERROR：  0 條
WARN：   1 條

✅ 無 BLOCKER。

python3 /Users/paichenwei/.agents/skills/course-html-contract/scripts/validate-course-structure.py /private/tmp/gen-ai-36h-publish-20261010/courses/gen-ai-36h/part2/CH2-3.html
HTML structure OK: /private/tmp/gen-ai-36h-publish-20261010/courses/gen-ai-36h/part2/CH2-3.html (static structure checked; browser smoke still required)
summary: checked=1 blocked=0

python3 docs/lint-page.py courses/gen-ai-36h/part2/PRAC2.html --summary

═══ 摘要 ═══
掃描：1 頁
BLOCKER：0 條（0 檔）
ERROR：  0 條
WARN：   2 條

✅ 無 BLOCKER。

python3 /Users/paichenwei/.agents/skills/course-html-contract/scripts/validate-course-structure.py /private/tmp/gen-ai-36h-publish-20261010/courses/gen-ai-36h/part2/PRAC2.html
HTML structure OK: /private/tmp/gen-ai-36h-publish-20261010/courses/gen-ai-36h/part2/PRAC2.html (static structure checked; browser smoke still required)
summary: checked=1 blocked=0

python3 docs/lint-page.py courses/gen-ai-36h/part3/CH3-1.html --summary

═══ 摘要 ═══
掃描：1 頁
BLOCKER：0 條（0 檔）
ERROR：  0 條
WARN：   1 條

✅ 無 BLOCKER。

python3 /Users/paichenwei/.agents/skills/course-html-contract/scripts/validate-course-structure.py /private/tmp/gen-ai-36h-publish-20261010/courses/gen-ai-36h/part3/CH3-1.html
HTML structure OK: /private/tmp/gen-ai-36h-publish-20261010/courses/gen-ai-36h/part3/CH3-1.html (static structure checked; browser smoke still required)
summary: checked=1 blocked=0

python3 docs/lint-page.py courses/gen-ai-36h/part3/CH3-2.html --summary

═══ 摘要 ═══
掃描：1 頁
BLOCKER：0 條（0 檔）
ERROR：  0 條
WARN：   1 條

✅ 無 BLOCKER。

python3 /Users/paichenwei/.agents/skills/course-html-contract/scripts/validate-course-structure.py /private/tmp/gen-ai-36h-publish-20261010/courses/gen-ai-36h/part3/CH3-2.html
HTML structure OK: /private/tmp/gen-ai-36h-publish-20261010/courses/gen-ai-36h/part3/CH3-2.html (static structure checked; browser smoke still required)
summary: checked=1 blocked=0

python3 docs/lint-page.py courses/gen-ai-36h/part3/PRAC3.html --summary

═══ 摘要 ═══
掃描：1 頁
BLOCKER：0 條（0 檔）
ERROR：  0 條
WARN：   2 條

✅ 無 BLOCKER。

python3 /Users/paichenwei/.agents/skills/course-html-contract/scripts/validate-course-structure.py /private/tmp/gen-ai-36h-publish-20261010/courses/gen-ai-36h/part3/PRAC3.html
HTML structure OK: /private/tmp/gen-ai-36h-publish-20261010/courses/gen-ai-36h/part3/PRAC3.html (static structure checked; browser smoke still required)
summary: checked=1 blocked=0

python3 docs/lint-page.py courses/gen-ai-36h/part4/CH4-1.html --summary

═══ 摘要 ═══
掃描：1 頁
BLOCKER：0 條（0 檔）
ERROR：  0 條
WARN：   1 條

✅ 無 BLOCKER。

python3 /Users/paichenwei/.agents/skills/course-html-contract/scripts/validate-course-structure.py /private/tmp/gen-ai-36h-publish-20261010/courses/gen-ai-36h/part4/CH4-1.html
HTML structure OK: /private/tmp/gen-ai-36h-publish-20261010/courses/gen-ai-36h/part4/CH4-1.html (static structure checked; browser smoke still required)
summary: checked=1 blocked=0

python3 docs/lint-page.py courses/gen-ai-36h/part4/CH4-2.html --summary

═══ 摘要 ═══
掃描：1 頁
BLOCKER：0 條（0 檔）
ERROR：  0 條
WARN：   1 條

✅ 無 BLOCKER。

python3 /Users/paichenwei/.agents/skills/course-html-contract/scripts/validate-course-structure.py /private/tmp/gen-ai-36h-publish-20261010/courses/gen-ai-36h/part4/CH4-2.html
HTML structure OK: /private/tmp/gen-ai-36h-publish-20261010/courses/gen-ai-36h/part4/CH4-2.html (static structure checked; browser smoke still required)
summary: checked=1 blocked=0

python3 docs/lint-page.py courses/gen-ai-36h/part4/CH4-3.html --summary

═══ 摘要 ═══
掃描：1 頁
BLOCKER：0 條（0 檔）
ERROR：  0 條
WARN：   1 條

✅ 無 BLOCKER。

python3 /Users/paichenwei/.agents/skills/course-html-contract/scripts/validate-course-structure.py /private/tmp/gen-ai-36h-publish-20261010/courses/gen-ai-36h/part4/CH4-3.html
HTML structure OK: /private/tmp/gen-ai-36h-publish-20261010/courses/gen-ai-36h/part4/CH4-3.html (static structure checked; browser smoke still required)
summary: checked=1 blocked=0

python3 docs/lint-page.py courses/gen-ai-36h/part4/CH4-4.html --summary

═══ 摘要 ═══
掃描：1 頁
BLOCKER：0 條（0 檔）
ERROR：  0 條
WARN：   1 條

✅ 無 BLOCKER。

python3 /Users/paichenwei/.agents/skills/course-html-contract/scripts/validate-course-structure.py /private/tmp/gen-ai-36h-publish-20261010/courses/gen-ai-36h/part4/CH4-4.html
HTML structure OK: /private/tmp/gen-ai-36h-publish-20261010/courses/gen-ai-36h/part4/CH4-4.html (static structure checked; browser smoke still required)
summary: checked=1 blocked=0

python3 docs/lint-page.py courses/gen-ai-36h/part4/PRAC4.html --summary

═══ 摘要 ═══
掃描：1 頁
BLOCKER：0 條（0 檔）
ERROR：  0 條
WARN：   2 條

✅ 無 BLOCKER。

python3 /Users/paichenwei/.agents/skills/course-html-contract/scripts/validate-course-structure.py /private/tmp/gen-ai-36h-publish-20261010/courses/gen-ai-36h/part4/PRAC4.html
HTML structure OK: /private/tmp/gen-ai-36h-publish-20261010/courses/gen-ai-36h/part4/PRAC4.html (static structure checked; browser smoke still required)
summary: checked=1 blocked=0

python3 docs/lint-page.py courses/gen-ai-36h/part5/CH5-1.html --summary

═══ 摘要 ═══
掃描：1 頁
BLOCKER：0 條（0 檔）
ERROR：  0 條
WARN：   1 條

✅ 無 BLOCKER。

python3 /Users/paichenwei/.agents/skills/course-html-contract/scripts/validate-course-structure.py /private/tmp/gen-ai-36h-publish-20261010/courses/gen-ai-36h/part5/CH5-1.html
HTML structure OK: /private/tmp/gen-ai-36h-publish-20261010/courses/gen-ai-36h/part5/CH5-1.html (static structure checked; browser smoke still required)
summary: checked=1 blocked=0

python3 docs/lint-page.py courses/gen-ai-36h/part5/CH5-2.html --summary

═══ 摘要 ═══
掃描：1 頁
BLOCKER：0 條（0 檔）
ERROR：  0 條
WARN：   1 條

✅ 無 BLOCKER。

python3 /Users/paichenwei/.agents/skills/course-html-contract/scripts/validate-course-structure.py /private/tmp/gen-ai-36h-publish-20261010/courses/gen-ai-36h/part5/CH5-2.html
HTML structure OK: /private/tmp/gen-ai-36h-publish-20261010/courses/gen-ai-36h/part5/CH5-2.html (static structure checked; browser smoke still required)
summary: checked=1 blocked=0

python3 docs/lint-page.py courses/gen-ai-36h/part5/CH5-3.html --summary

═══ 摘要 ═══
掃描：1 頁
BLOCKER：0 條（0 檔）
ERROR：  0 條
WARN：   1 條

✅ 無 BLOCKER。

python3 /Users/paichenwei/.agents/skills/course-html-contract/scripts/validate-course-structure.py /private/tmp/gen-ai-36h-publish-20261010/courses/gen-ai-36h/part5/CH5-3.html
HTML structure OK: /private/tmp/gen-ai-36h-publish-20261010/courses/gen-ai-36h/part5/CH5-3.html (static structure checked; browser smoke still required)
summary: checked=1 blocked=0

python3 docs/lint-page.py courses/gen-ai-36h/part5/CH5-4.html --summary

═══ 摘要 ═══
掃描：1 頁
BLOCKER：0 條（0 檔）
ERROR：  0 條
WARN：   1 條

✅ 無 BLOCKER。

python3 /Users/paichenwei/.agents/skills/course-html-contract/scripts/validate-course-structure.py /private/tmp/gen-ai-36h-publish-20261010/courses/gen-ai-36h/part5/CH5-4.html
HTML structure OK: /private/tmp/gen-ai-36h-publish-20261010/courses/gen-ai-36h/part5/CH5-4.html (static structure checked; browser smoke still required)
summary: checked=1 blocked=0

python3 docs/lint-page.py courses/gen-ai-36h/part5/PRAC5.html --summary

═══ 摘要 ═══
掃描：1 頁
BLOCKER：0 條（0 檔）
ERROR：  0 條
WARN：   1 條

✅ 無 BLOCKER。

python3 /Users/paichenwei/.agents/skills/course-html-contract/scripts/validate-course-structure.py /private/tmp/gen-ai-36h-publish-20261010/courses/gen-ai-36h/part5/PRAC5.html
HTML structure OK: /private/tmp/gen-ai-36h-publish-20261010/courses/gen-ai-36h/part5/PRAC5.html (static structure checked; browser smoke still required)
summary: checked=1 blocked=0

python3 docs/lint-page.py courses/gen-ai-36h/part6/CH6-1.html --summary

═══ 摘要 ═══
掃描：1 頁
BLOCKER：0 條（0 檔）
ERROR：  0 條
WARN：   1 條

✅ 無 BLOCKER。

python3 /Users/paichenwei/.agents/skills/course-html-contract/scripts/validate-course-structure.py /private/tmp/gen-ai-36h-publish-20261010/courses/gen-ai-36h/part6/CH6-1.html
HTML structure OK: /private/tmp/gen-ai-36h-publish-20261010/courses/gen-ai-36h/part6/CH6-1.html (static structure checked; browser smoke still required)
summary: checked=1 blocked=0

python3 docs/lint-page.py courses/gen-ai-36h/part6/CH6-2.html --summary

═══ 摘要 ═══
掃描：1 頁
BLOCKER：0 條（0 檔）
ERROR：  0 條
WARN：   1 條

✅ 無 BLOCKER。

python3 /Users/paichenwei/.agents/skills/course-html-contract/scripts/validate-course-structure.py /private/tmp/gen-ai-36h-publish-20261010/courses/gen-ai-36h/part6/CH6-2.html
HTML structure OK: /private/tmp/gen-ai-36h-publish-20261010/courses/gen-ai-36h/part6/CH6-2.html (static structure checked; browser smoke still required)
summary: checked=1 blocked=0

python3 docs/lint-page.py courses/gen-ai-36h/part6/PRAC6.html --summary

═══ 摘要 ═══
掃描：1 頁
BLOCKER：0 條（0 檔）
ERROR：  0 條
WARN：   2 條

✅ 無 BLOCKER。

python3 /Users/paichenwei/.agents/skills/course-html-contract/scripts/validate-course-structure.py /private/tmp/gen-ai-36h-publish-20261010/courses/gen-ai-36h/part6/PRAC6.html
HTML structure OK: /private/tmp/gen-ai-36h-publish-20261010/courses/gen-ai-36h/part6/PRAC6.html (static structure checked; browser smoke still required)
summary: checked=1 blocked=0

python3 docs/lint-page.py courses/gen-ai-36h/part7/CH7-1.html --summary

═══ 摘要 ═══
掃描：1 頁
BLOCKER：0 條（0 檔）
ERROR：  0 條
WARN：   1 條

✅ 無 BLOCKER。

python3 /Users/paichenwei/.agents/skills/course-html-contract/scripts/validate-course-structure.py /private/tmp/gen-ai-36h-publish-20261010/courses/gen-ai-36h/part7/CH7-1.html
HTML structure OK: /private/tmp/gen-ai-36h-publish-20261010/courses/gen-ai-36h/part7/CH7-1.html (static structure checked; browser smoke still required)
summary: checked=1 blocked=0

python3 docs/lint-page.py courses/gen-ai-36h/part7/CH7-2.html --summary

═══ 摘要 ═══
掃描：1 頁
BLOCKER：0 條（0 檔）
ERROR：  0 條
WARN：   1 條

✅ 無 BLOCKER。

python3 /Users/paichenwei/.agents/skills/course-html-contract/scripts/validate-course-structure.py /private/tmp/gen-ai-36h-publish-20261010/courses/gen-ai-36h/part7/CH7-2.html
HTML structure OK: /private/tmp/gen-ai-36h-publish-20261010/courses/gen-ai-36h/part7/CH7-2.html (static structure checked; browser smoke still required)
summary: checked=1 blocked=0

python3 docs/lint-page.py courses/gen-ai-36h/part7/CH7-3.html --summary

═══ 摘要 ═══
掃描：1 頁
BLOCKER：0 條（0 檔）
ERROR：  0 條
WARN：   1 條

✅ 無 BLOCKER。

python3 /Users/paichenwei/.agents/skills/course-html-contract/scripts/validate-course-structure.py /private/tmp/gen-ai-36h-publish-20261010/courses/gen-ai-36h/part7/CH7-3.html
HTML structure OK: /private/tmp/gen-ai-36h-publish-20261010/courses/gen-ai-36h/part7/CH7-3.html (static structure checked; browser smoke still required)
summary: checked=1 blocked=0

python3 docs/lint-page.py courses/gen-ai-36h/part7/PRAC7.html --summary

═══ 摘要 ═══
掃描：1 頁
BLOCKER：0 條（0 檔）
ERROR：  0 條
WARN：   2 條

✅ 無 BLOCKER。

python3 /Users/paichenwei/.agents/skills/course-html-contract/scripts/validate-course-structure.py /private/tmp/gen-ai-36h-publish-20261010/courses/gen-ai-36h/part7/PRAC7.html
HTML structure OK: /private/tmp/gen-ai-36h-publish-20261010/courses/gen-ai-36h/part7/PRAC7.html (static structure checked; browser smoke still required)
summary: checked=1 blocked=0
